// Jest Snapshot v1, https://goo.gl/fbAQLP

exports[`Home should match snapshot 1`] = `
<nav
  className="home-nav"
>
  <ul
    className="home-nav__ul home-nav__ul_flex-container"
  >
    <li
      className="home-nav__ul__li home-nav__ul__li_flex-item"
    >
      <a
        className="home-nav__Link"
        href="/code"
        onClick={[Function]}
      >
        Code
      </a>
    </li>
    <li
      className="home-nav__ul__li home-nav__ul__li_flex-item"
    >
      <a
        className="home-nav__Link"
        href="/consciousness"
        onClick={[Function]}
      >
        Consciousness
      </a>
    </li>
    <li
      className="home-nav__ul__li home-nav__ul__li_flex-item"
    >
      <a
        className="home-nav__Link"
        href="/craft"
        onClick={[Function]}
      >
        Craft
      </a>
    </li>
  </ul>
</nav>
`;
